1 24 6 4 7 6 8 2 5 1 6 8 2 3 4 2 1 5 3 1 2 4 1 2 5 6